<?php return array (
  0 => 'Symfony\\Bundle\\FrameworkBundle\\Controller\\Controller',
  1 => 'AppBundle\\Controller\\BusinessController',
  2 => 'AppBundle\\Controller\\DefaultController',
  3 => 'AppBundle\\Controller\\LoginController',
  4 => 'AppBundle\\Controller\\UserController',
  5 => 'AppBundle\\Entity\\Business',
  6 => 'AppBundle\\Entity\\Login',
  7 => 'AppBundle\\Entity\\User',
  8 => 'Doctrine\\Bundle\\DoctrineBundle\\Controller\\ProfilerController',
  9 => 'Doctrine\\ORM\\Cache\\Persister\\Entity\\AbstractEntityPersister',
  10 => 'Doctrine\\ORM\\Cache\\Persister\\Entity\\CachedEntityPersister',
  11 => 'Doctrine\\ORM\\Cache\\Persister\\Entity\\NonStrictReadWriteCachedEntityPersister',
  12 => 'Doctrine\\ORM\\Cache\\Persister\\Entity\\ReadOnlyCachedEntityPersister',
  13 => 'Doctrine\\ORM\\Cache\\Persister\\Entity\\ReadWriteCachedEntityPersister',
  14 => 'Doctrine\\ORM\\Persisters\\Entity\\AbstractEntityInheritancePersister',
  15 => 'Doctrine\\ORM\\Persisters\\Entity\\BasicEntityPersister',
  16 => 'Doctrine\\ORM\\Persisters\\Entity\\CachedPersisterContext',
  17 => 'Doctrine\\ORM\\Persisters\\Entity\\EntityPersister',
  18 => 'Doctrine\\ORM\\Persisters\\Entity\\JoinedSubclassPersister',
  19 => 'Doctrine\\ORM\\Persisters\\Entity\\SingleTablePersister',
  20 => 'FOS\\RestBundle\\Controller\\Annotations\\AbstractParam',
  21 => 'FOS\\RestBundle\\Controller\\Annotations\\AbstractScalarParam',
  22 => 'FOS\\RestBundle\\Controller\\Annotations\\Copy',
  23 => 'FOS\\RestBundle\\Controller\\Annotations\\Delete',
  24 => 'FOS\\RestBundle\\Controller\\Annotations\\FileParam',
  25 => 'FOS\\RestBundle\\Controller\\Annotations\\Get',
  26 => 'FOS\\RestBundle\\Controller\\Annotations\\Head',
  27 => 'FOS\\RestBundle\\Controller\\Annotations\\Link',
  28 => 'FOS\\RestBundle\\Controller\\Annotations\\Lock',
  29 => 'FOS\\RestBundle\\Controller\\Annotations\\Mkcol',
  30 => 'FOS\\RestBundle\\Controller\\Annotations\\Move',
  31 => 'FOS\\RestBundle\\Controller\\Annotations\\NamePrefix',
  32 => 'FOS\\RestBundle\\Controller\\Annotations\\NoRoute',
  33 => 'FOS\\RestBundle\\Controller\\Annotations\\Options',
  34 => 'FOS\\RestBundle\\Controller\\Annotations\\ParamInterface',
  35 => 'FOS\\RestBundle\\Controller\\Annotations\\Patch',
  36 => 'FOS\\RestBundle\\Controller\\Annotations\\Post',
  37 => 'FOS\\RestBundle\\Controller\\Annotations\\Prefix',
  38 => 'FOS\\RestBundle\\Controller\\Annotations\\PropFind',
  39 => 'FOS\\RestBundle\\Controller\\Annotations\\PropPatch',
  40 => 'FOS\\RestBundle\\Controller\\Annotations\\Put',
  41 => 'FOS\\RestBundle\\Controller\\Annotations\\QueryParam',
  42 => 'FOS\\RestBundle\\Controller\\Annotations\\RequestParam',
  43 => 'FOS\\RestBundle\\Controller\\Annotations\\Route',
  44 => 'FOS\\RestBundle\\Controller\\Annotations\\RouteResource',
  45 => 'FOS\\RestBundle\\Controller\\Annotations\\Unlink',
  46 => 'FOS\\RestBundle\\Controller\\Annotations\\Unlock',
  47 => 'FOS\\RestBundle\\Controller\\Annotations\\Version',
  48 => 'FOS\\RestBundle\\Controller\\Annotations\\View',
  49 => 'FOS\\RestBundle\\Controller\\ControllerTrait',
  50 => 'FOS\\RestBundle\\Controller\\ExceptionController',
  51 => 'FOS\\RestBundle\\Controller\\FOSRestController',
  52 => 'FOS\\RestBundle\\Controller\\TemplatingExceptionController',
  53 => 'FOS\\RestBundle\\Controller\\TwigExceptionController',
  54 => 'Symfony\\Bundle\\FrameworkBundle\\Controller\\AbstractController',
  56 => 'Symfony\\Bundle\\FrameworkBundle\\Controller\\ControllerNameParser',
  57 => 'Symfony\\Bundle\\FrameworkBundle\\Controller\\ControllerResolver',
  58 => 'Symfony\\Bundle\\FrameworkBundle\\Controller\\ControllerTrait',
  59 => 'Symfony\\Bundle\\FrameworkBundle\\Controller\\RedirectController',
  60 => 'Symfony\\Bundle\\FrameworkBundle\\Controller\\TemplateController',
  61 => 'Symfony\\Bundle\\TwigBundle\\Controller\\ExceptionController',
  62 => 'Symfony\\Bundle\\TwigBundle\\Controller\\PreviewErrorController',
  63 => 'Symfony\\Bundle\\WebProfilerBundle\\Controller\\ExceptionController',
  64 => 'Symfony\\Bundle\\WebProfilerBundle\\Controller\\ProfilerController',
  65 => 'Symfony\\Bundle\\WebProfilerBundle\\Controller\\RouterController',
  66 => 'Symfony\\Component\\HttpKernel\\Controller\\ArgumentResolver',
  67 => 'Symfony\\Component\\HttpKernel\\Controller\\ArgumentResolverInterface',
  68 => 'Symfony\\Component\\HttpKernel\\Controller\\ArgumentResolver\\DefaultValueResolver',
  69 => 'Symfony\\Component\\HttpKernel\\Controller\\ArgumentResolver\\RequestAttributeValueResolver',
  70 => 'Symfony\\Component\\HttpKernel\\Controller\\ArgumentResolver\\RequestValueResolver',
  71 => 'Symfony\\Component\\HttpKernel\\Controller\\ArgumentResolver\\ServiceValueResolver',
  72 => 'Symfony\\Component\\HttpKernel\\Controller\\ArgumentResolver\\SessionValueResolver',
  73 => 'Symfony\\Component\\HttpKernel\\Controller\\ArgumentResolver\\VariadicValueResolver',
  74 => 'Symfony\\Component\\HttpKernel\\Controller\\ArgumentValueResolverInterface',
  75 => 'Symfony\\Component\\HttpKernel\\Controller\\ContainerControllerResolver',
  76 => 'Symfony\\Component\\HttpKernel\\Controller\\ControllerReference',
  77 => 'Symfony\\Component\\HttpKernel\\Controller\\ControllerResolver',
  78 => 'Symfony\\Component\\HttpKernel\\Controller\\ControllerResolverInterface',
  79 => 'Symfony\\Component\\HttpKernel\\Controller\\TraceableArgumentResolver',
  80 => 'Symfony\\Component\\HttpKernel\\Controller\\TraceableControllerResolver',
);